Copyright 1986-2022 Xilinx, Inc. All Rights Reserved. Copyright 2022-2023 Advanced Micro Devices, Inc. All Rights Reserved.
---------------------------------------------------------------------------------------------------------------------------------------------------------------------------------------------------------------------
| Tool Version : Vivado v.2023.1 (win64) Build 3865809 Sun May  7 15:05:29 MDT 2023
| Date         : Sat Jul 27 11:26:03 2024
| Host         : Blessing running 64-bit major release  (build 9200)
| Command      : report_timing_summary -max_paths 10 -report_unconstrained -file FIR_pass_timing_summary_routed.rpt -pb FIR_pass_timing_summary_routed.pb -rpx FIR_pass_timing_summary_routed.rpx -warn_on_violation
| Design       : FIR_pass
| Device       : 7a200t-fbg484
| Speed File   : -1  PRODUCTION 1.23 2018-06-13
| Design State : Routed
---------------------------------------------------------------------------------------------------------------------------------------------------------------------------------------------------------------------

Timing Summary Report

------------------------------------------------------------------------------------------------
| Timer Settings
| --------------
------------------------------------------------------------------------------------------------

  Enable Multi Corner Analysis               :  Yes
  Enable Pessimism Removal                   :  Yes
  Pessimism Removal Resolution               :  Nearest Common Node
  Enable Input Delay Default Clock           :  No
  Enable Preset / Clear Arcs                 :  No
  Disable Flight Delays                      :  No
  Ignore I/O Paths                           :  No
  Timing Early Launch at Borrowing Latches   :  No
  Borrow Time for Max Delay Exceptions       :  Yes
  Merge Timing Exceptions                    :  Yes

  Corner  Analyze    Analyze    
  Name    Max Paths  Min Paths  
  ------  ---------  ---------  
  Slow    Yes        Yes        
  Fast    Yes        Yes        


------------------------------------------------------------------------------------------------
| Report Methodology
| ------------------
------------------------------------------------------------------------------------------------

Rule       Severity          Description                  Violations  
---------  ----------------  ---------------------------  ----------  
TIMING-17  Critical Warning  Non-clocked sequential cell  1000        

Note: This report is based on the most recent report_methodology run and may not be up-to-date. Run report_methodology on the current design for the latest report.



check_timing report

Table of Contents
-----------------
1. checking no_clock (21628)
2. checking constant_clock (0)
3. checking pulse_width_clock (0)
4. checking unconstrained_internal_endpoints (81551)
5. checking no_input_delay (11)
6. checking no_output_delay (14)
7. checking multiple_clock (0)
8. checking generated_clocks (0)
9. checking loops (0)
10. checking partial_input_delay (0)
11. checking partial_output_delay (0)
12. checking latch_loops (0)

1. checking no_clock (21628)
----------------------------
 There are 21628 register/latch pins with no clock driven by root clock pin: clk_50M (HIGH)


2. checking constant_clock (0)
------------------------------
 There are 0 register/latch pins with constant_clock.


3. checking pulse_width_clock (0)
---------------------------------
 There are 0 register/latch pins which need pulse_width check


4. checking unconstrained_internal_endpoints (81551)
----------------------------------------------------
 There are 81551 pins that are not constrained for maximum delay. (HIGH)

 There are 0 pins that are not constrained for maximum delay due to constant clock.


5. checking no_input_delay (11)
-------------------------------
 There are 11 input ports with no input delay specified. (HIGH)

 There are 0 input ports with no input delay but user has a false path constraint.


6. checking no_output_delay (14)
--------------------------------
 There are 14 ports with no output delay specified. (HIGH)

 There are 0 ports with no output delay but user has a false path constraint

 There are 0 ports with no output delay but with a timing clock defined on it or propagating through it


7. checking multiple_clock (0)
------------------------------
 There are 0 register/latch pins with multiple clocks.


8. checking generated_clocks (0)
--------------------------------
 There are 0 generated clocks that are not connected to a clock source.


9. checking loops (0)
---------------------
 There are 0 combinational loops in the design.


10. checking partial_input_delay (0)
------------------------------------
 There are 0 input ports with partial input delay specified.


11. checking partial_output_delay (0)
-------------------------------------
 There are 0 ports with partial output delay specified.


12. checking latch_loops (0)
----------------------------
 There are 0 combinational latch loops in the design through latch input



------------------------------------------------------------------------------------------------
| Design Timing Summary
| ---------------------
------------------------------------------------------------------------------------------------

    WNS(ns)      TNS(ns)  TNS Failing Endpoints  TNS Total Endpoints      WHS(ns)      THS(ns)  THS Failing Endpoints  THS Total Endpoints     WPWS(ns)     TPWS(ns)  TPWS Failing Endpoints  TPWS Total Endpoints  
    -------      -------  ---------------------  -------------------      -------      -------  ---------------------  -------------------     --------     --------  ----------------------  --------------------  
        inf        0.000                      0                81568          inf        0.000                      0                81568           NA           NA                      NA                    NA  


There are no user specified timing constraints.


------------------------------------------------------------------------------------------------
| Clock Summary
| -------------
------------------------------------------------------------------------------------------------


------------------------------------------------------------------------------------------------
| Intra Clock Table
| -----------------
------------------------------------------------------------------------------------------------

Clock             WNS(ns)      TNS(ns)  TNS Failing Endpoints  TNS Total Endpoints      WHS(ns)      THS(ns)  THS Failing Endpoints  THS Total Endpoints     WPWS(ns)     TPWS(ns)  TPWS Failing Endpoints  TPWS Total Endpoints  
-----             -------      -------  ---------------------  -------------------      -------      -------  ---------------------  -------------------     --------     --------  ----------------------  --------------------  


------------------------------------------------------------------------------------------------
| Inter Clock Table
| -----------------
------------------------------------------------------------------------------------------------

From Clock    To Clock          WNS(ns)      TNS(ns)  TNS Failing Endpoints  TNS Total Endpoints      WHS(ns)      THS(ns)  THS Failing Endpoints  THS Total Endpoints  
----------    --------          -------      -------  ---------------------  -------------------      -------      -------  ---------------------  -------------------  


------------------------------------------------------------------------------------------------
| Other Path Groups Table
| -----------------------
------------------------------------------------------------------------------------------------

Path Group    From Clock    To Clock          WNS(ns)      TNS(ns)  TNS Failing Endpoints  TNS Total Endpoints      WHS(ns)      THS(ns)  THS Failing Endpoints  THS Total Endpoints  
----------    ----------    --------          -------      -------  ---------------------  -------------------      -------      -------  ---------------------  -------------------  


------------------------------------------------------------------------------------------------
| User Ignored Path Table
| -----------------------
------------------------------------------------------------------------------------------------

Path Group    From Clock    To Clock    
----------    ----------    --------    


------------------------------------------------------------------------------------------------
| Unconstrained Path Table
| ------------------------
------------------------------------------------------------------------------------------------

Path Group    From Clock    To Clock    
----------    ----------    --------    
(none)                                    


------------------------------------------------------------------------------------------------
| Timing Details
| --------------
------------------------------------------------------------------------------------------------


--------------------------------------------------------------------------------------
Path Group:  (none)
From Clock:  
  To Clock:  

Max Delay         81568 Endpoints
Min Delay         81568 Endpoints
--------------------------------------------------------------------------------------


Max Delay Paths
--------------------------------------------------------------------------------------
Slack:                    inf
  Source:                 u_FIR/fir_10k_lowpass/U0/i_synth/g_single_rate.i_single_rate/g_semi_parallel_and_smac.g_paths[0].g_mem_array[199].i_mem/g_individual.i_mem_a/gen_srl16.gen_mem.d_out_reg[9]/C
                            (rising edge-triggered cell FDRE)
  Destination:            u_FIR/fir_10k_lowpass/U0/i_synth/g_single_rate.i_single_rate/g_semi_parallel_and_smac.g_paths[0].g_madd_array_and_accum.g_madd[199].i_madd/i_addsub_mult_add/g_dsp48.g_dsp48e1.i_dsp48e1/A[16]
  Path Group:             (none)
  Path Type:              Max at Slow Process Corner
  Data Path Delay:        12.258ns  (logic 0.518ns (4.226%)  route 11.740ns (95.774%))
  Logic Levels:           1  (FDRE=1)

    Location             Delay type                Incr(ns)  Path(ns)    Netlist Resource(s)
  -------------------------------------------------------------------    -------------------
    SLICE_X20Y242        FDRE                         0.000     0.000 r  u_FIR/fir_10k_lowpass/U0/i_synth/g_single_rate.i_single_rate/g_semi_parallel_and_smac.g_paths[0].g_mem_array[199].i_mem/g_individual.i_mem_a/gen_srl16.gen_mem.d_out_reg[9]/C
    SLICE_X20Y242        FDRE (Prop_fdre_C_Q)         0.518     0.518 r  u_FIR/fir_10k_lowpass/U0/i_synth/g_single_rate.i_single_rate/g_semi_parallel_and_smac.g_paths[0].g_mem_array[199].i_mem/g_individual.i_mem_a/gen_srl16.gen_mem.d_out_reg[9]/Q
                         net (fo=22, routed)         11.740    12.258    u_FIR/fir_10k_lowpass/U0/i_synth/g_single_rate.i_single_rate/g_semi_parallel_and_smac.g_paths[0].g_madd_array_and_accum.g_madd[199].i_madd/i_addsub_mult_add/DOUTA[9]
    DSP48_X7Y99          DSP48E1                                      r  u_FIR/fir_10k_lowpass/U0/i_synth/g_single_rate.i_single_rate/g_semi_parallel_and_smac.g_paths[0].g_madd_array_and_accum.g_madd[199].i_madd/i_addsub_mult_add/g_dsp48.g_dsp48e1.i_dsp48e1/A[16]
  -------------------------------------------------------------------    -------------------

Slack:                    inf
  Source:                 u_FIR/fir_10k_lowpass/U0/i_synth/g_single_rate.i_single_rate/g_semi_parallel_and_smac.g_paths[0].g_mem_array[199].i_mem/g_individual.i_mem_a/gen_srl16.gen_mem.d_out_reg[9]/C
                            (rising edge-triggered cell FDRE)
  Destination:            u_FIR/fir_10k_lowpass/U0/i_synth/g_single_rate.i_single_rate/g_semi_parallel_and_smac.g_paths[0].g_madd_array_and_accum.g_madd[199].i_madd/i_addsub_mult_add/g_dsp48.g_dsp48e1.i_dsp48e1/A[17]
  Path Group:             (none)
  Path Type:              Max at Slow Process Corner
  Data Path Delay:        12.258ns  (logic 0.518ns (4.226%)  route 11.740ns (95.774%))
  Logic Levels:           1  (FDRE=1)

    Location             Delay type                Incr(ns)  Path(ns)    Netlist Resource(s)
  -------------------------------------------------------------------    -------------------
    SLICE_X20Y242        FDRE                         0.000     0.000 r  u_FIR/fir_10k_lowpass/U0/i_synth/g_single_rate.i_single_rate/g_semi_parallel_and_smac.g_paths[0].g_mem_array[199].i_mem/g_individual.i_mem_a/gen_srl16.gen_mem.d_out_reg[9]/C
    SLICE_X20Y242        FDRE (Prop_fdre_C_Q)         0.518     0.518 r  u_FIR/fir_10k_lowpass/U0/i_synth/g_single_rate.i_single_rate/g_semi_parallel_and_smac.g_paths[0].g_mem_array[199].i_mem/g_individual.i_mem_a/gen_srl16.gen_mem.d_out_reg[9]/Q
                         net (fo=22, routed)         11.740    12.258    u_FIR/fir_10k_lowpass/U0/i_synth/g_single_rate.i_single_rate/g_semi_parallel_and_smac.g_paths[0].g_madd_array_and_accum.g_madd[199].i_madd/i_addsub_mult_add/DOUTA[9]
    DSP48_X7Y99          DSP48E1                                      r  u_FIR/fir_10k_lowpass/U0/i_synth/g_single_rate.i_single_rate/g_semi_parallel_and_smac.g_paths[0].g_madd_array_and_accum.g_madd[199].i_madd/i_addsub_mult_add/g_dsp48.g_dsp48e1.i_dsp48e1/A[17]
  -------------------------------------------------------------------    -------------------

Slack:                    inf
  Source:                 u_FIR/fir_10k_lowpass/U0/i_synth/g_single_rate.i_single_rate/g_semi_parallel_and_smac.g_paths[0].g_mem_array[199].i_mem/g_individual.i_mem_a/gen_srl16.gen_mem.d_out_reg[9]/C
                            (rising edge-triggered cell FDRE)
  Destination:            u_FIR/fir_10k_lowpass/U0/i_synth/g_single_rate.i_single_rate/g_semi_parallel_and_smac.g_paths[0].g_madd_array_and_accum.g_madd[199].i_madd/i_addsub_mult_add/g_dsp48.g_dsp48e1.i_dsp48e1/A[18]
  Path Group:             (none)
  Path Type:              Max at Slow Process Corner
  Data Path Delay:        12.258ns  (logic 0.518ns (4.226%)  route 11.740ns (95.774%))
  Logic Levels:           1  (FDRE=1)

    Location             Delay type                Incr(ns)  Path(ns)    Netlist Resource(s)
  -------------------------------------------------------------------    -------------------
    SLICE_X20Y242        FDRE                         0.000     0.000 r  u_FIR/fir_10k_lowpass/U0/i_synth/g_single_rate.i_single_rate/g_semi_parallel_and_smac.g_paths[0].g_mem_array[199].i_mem/g_individual.i_mem_a/gen_srl16.gen_mem.d_out_reg[9]/C
    SLICE_X20Y242        FDRE (Prop_fdre_C_Q)         0.518     0.518 r  u_FIR/fir_10k_lowpass/U0/i_synth/g_single_rate.i_single_rate/g_semi_parallel_and_smac.g_paths[0].g_mem_array[199].i_mem/g_individual.i_mem_a/gen_srl16.gen_mem.d_out_reg[9]/Q
                         net (fo=22, routed)         11.740    12.258    u_FIR/fir_10k_lowpass/U0/i_synth/g_single_rate.i_single_rate/g_semi_parallel_and_smac.g_paths[0].g_madd_array_and_accum.g_madd[199].i_madd/i_addsub_mult_add/DOUTA[9]
    DSP48_X7Y99          DSP48E1                                      r  u_FIR/fir_10k_lowpass/U0/i_synth/g_single_rate.i_single_rate/g_semi_parallel_and_smac.g_paths[0].g_madd_array_and_accum.g_madd[199].i_madd/i_addsub_mult_add/g_dsp48.g_dsp48e1.i_dsp48e1/A[18]
  -------------------------------------------------------------------    -------------------

Slack:                    inf
  Source:                 u_FIR/fir_10k_lowpass/U0/i_synth/g_single_rate.i_single_rate/g_semi_parallel_and_smac.g_paths[0].g_mem_array[199].i_mem/g_individual.i_mem_a/gen_srl16.gen_mem.d_out_reg[9]/C
                            (rising edge-triggered cell FDRE)
  Destination:            u_FIR/fir_10k_lowpass/U0/i_synth/g_single_rate.i_single_rate/g_semi_parallel_and_smac.g_paths[0].g_madd_array_and_accum.g_madd[199].i_madd/i_addsub_mult_add/g_dsp48.g_dsp48e1.i_dsp48e1/A[19]
  Path Group:             (none)
  Path Type:              Max at Slow Process Corner
  Data Path Delay:        12.258ns  (logic 0.518ns (4.226%)  route 11.740ns (95.774%))
  Logic Levels:           1  (FDRE=1)

    Location             Delay type                Incr(ns)  Path(ns)    Netlist Resource(s)
  -------------------------------------------------------------------    -------------------
    SLICE_X20Y242        FDRE                         0.000     0.000 r  u_FIR/fir_10k_lowpass/U0/i_synth/g_single_rate.i_single_rate/g_semi_parallel_and_smac.g_paths[0].g_mem_array[199].i_mem/g_individual.i_mem_a/gen_srl16.gen_mem.d_out_reg[9]/C
    SLICE_X20Y242        FDRE (Prop_fdre_C_Q)         0.518     0.518 r  u_FIR/fir_10k_lowpass/U0/i_synth/g_single_rate.i_single_rate/g_semi_parallel_and_smac.g_paths[0].g_mem_array[199].i_mem/g_individual.i_mem_a/gen_srl16.gen_mem.d_out_reg[9]/Q
                         net (fo=22, routed)         11.740    12.258    u_FIR/fir_10k_lowpass/U0/i_synth/g_single_rate.i_single_rate/g_semi_parallel_and_smac.g_paths[0].g_madd_array_and_accum.g_madd[199].i_madd/i_addsub_mult_add/DOUTA[9]
    DSP48_X7Y99          DSP48E1                                      r  u_FIR/fir_10k_lowpass/U0/i_synth/g_single_rate.i_single_rate/g_semi_parallel_and_smac.g_paths[0].g_madd_array_and_accum.g_madd[199].i_madd/i_addsub_mult_add/g_dsp48.g_dsp48e1.i_dsp48e1/A[19]
  -------------------------------------------------------------------    -------------------

Slack:                    inf
  Source:                 u_FIR/fir_10k_lowpass/U0/i_synth/g_single_rate.i_single_rate/g_semi_parallel_and_smac.g_paths[0].g_mem_array[199].i_mem/g_individual.i_mem_a/gen_srl16.gen_mem.d_out_reg[9]/C
                            (rising edge-triggered cell FDRE)
  Destination:            u_FIR/fir_10k_lowpass/U0/i_synth/g_single_rate.i_single_rate/g_semi_parallel_and_smac.g_paths[0].g_madd_array_and_accum.g_madd[199].i_madd/i_addsub_mult_add/g_dsp48.g_dsp48e1.i_dsp48e1/A[9]
  Path Group:             (none)
  Path Type:              Max at Slow Process Corner
  Data Path Delay:        12.104ns  (logic 0.518ns (4.280%)  route 11.586ns (95.720%))
  Logic Levels:           1  (FDRE=1)

    Location             Delay type                Incr(ns)  Path(ns)    Netlist Resource(s)
  -------------------------------------------------------------------    -------------------
    SLICE_X20Y242        FDRE                         0.000     0.000 r  u_FIR/fir_10k_lowpass/U0/i_synth/g_single_rate.i_single_rate/g_semi_parallel_and_smac.g_paths[0].g_mem_array[199].i_mem/g_individual.i_mem_a/gen_srl16.gen_mem.d_out_reg[9]/C
    SLICE_X20Y242        FDRE (Prop_fdre_C_Q)         0.518     0.518 r  u_FIR/fir_10k_lowpass/U0/i_synth/g_single_rate.i_single_rate/g_semi_parallel_and_smac.g_paths[0].g_mem_array[199].i_mem/g_individual.i_mem_a/gen_srl16.gen_mem.d_out_reg[9]/Q
                         net (fo=22, routed)         11.586    12.104    u_FIR/fir_10k_lowpass/U0/i_synth/g_single_rate.i_single_rate/g_semi_parallel_and_smac.g_paths[0].g_madd_array_and_accum.g_madd[199].i_madd/i_addsub_mult_add/DOUTA[9]
    DSP48_X7Y99          DSP48E1                                      r  u_FIR/fir_10k_lowpass/U0/i_synth/g_single_rate.i_single_rate/g_semi_parallel_and_smac.g_paths[0].g_madd_array_and_accum.g_madd[199].i_madd/i_addsub_mult_add/g_dsp48.g_dsp48e1.i_dsp48e1/A[9]
  -------------------------------------------------------------------    -------------------

Slack:                    inf
  Source:                 u_FIR/fir_10k_lowpass/U0/i_synth/g_single_rate.i_single_rate/g_semi_parallel_and_smac.g_paths[0].g_mem_array[199].i_mem/g_individual.i_mem_a/gen_srl16.gen_mem.d_out_reg[9]/C
                            (rising edge-triggered cell FDRE)
  Destination:            u_FIR/fir_10k_lowpass/U0/i_synth/g_single_rate.i_single_rate/g_semi_parallel_and_smac.g_paths[0].g_madd_array_and_accum.g_madd[199].i_madd/i_addsub_mult_add/g_dsp48.g_dsp48e1.i_dsp48e1/A[12]
  Path Group:             (none)
  Path Type:              Max at Slow Process Corner
  Data Path Delay:        12.091ns  (logic 0.518ns (4.284%)  route 11.573ns (95.716%))
  Logic Levels:           1  (FDRE=1)

    Location             Delay type                Incr(ns)  Path(ns)    Netlist Resource(s)
  -------------------------------------------------------------------    -------------------
    SLICE_X20Y242        FDRE                         0.000     0.000 r  u_FIR/fir_10k_lowpass/U0/i_synth/g_single_rate.i_single_rate/g_semi_parallel_and_smac.g_paths[0].g_mem_array[199].i_mem/g_individual.i_mem_a/gen_srl16.gen_mem.d_out_reg[9]/C
    SLICE_X20Y242        FDRE (Prop_fdre_C_Q)         0.518     0.518 r  u_FIR/fir_10k_lowpass/U0/i_synth/g_single_rate.i_single_rate/g_semi_parallel_and_smac.g_paths[0].g_mem_array[199].i_mem/g_individual.i_mem_a/gen_srl16.gen_mem.d_out_reg[9]/Q
                         net (fo=22, routed)         11.573    12.091    u_FIR/fir_10k_lowpass/U0/i_synth/g_single_rate.i_single_rate/g_semi_parallel_and_smac.g_paths[0].g_madd_array_and_accum.g_madd[199].i_madd/i_addsub_mult_add/DOUTA[9]
    DSP48_X7Y99          DSP48E1                                      r  u_FIR/fir_10k_lowpass/U0/i_synth/g_single_rate.i_single_rate/g_semi_parallel_and_smac.g_paths[0].g_madd_array_and_accum.g_madd[199].i_madd/i_addsub_mult_add/g_dsp48.g_dsp48e1.i_dsp48e1/A[12]
  -------------------------------------------------------------------    -------------------

Slack:                    inf
  Source:                 u_FIR/fir_10k_lowpass/U0/i_synth/g_single_rate.i_single_rate/g_semi_parallel_and_smac.g_paths[0].g_mem_array[199].i_mem/g_individual.i_mem_a/gen_srl16.gen_mem.d_out_reg[9]/C
                            (rising edge-triggered cell FDRE)
  Destination:            u_FIR/fir_10k_lowpass/U0/i_synth/g_single_rate.i_single_rate/g_semi_parallel_and_smac.g_paths[0].g_madd_array_and_accum.g_madd[199].i_madd/i_addsub_mult_add/g_dsp48.g_dsp48e1.i_dsp48e1/A[13]
  Path Group:             (none)
  Path Type:              Max at Slow Process Corner
  Data Path Delay:        12.091ns  (logic 0.518ns (4.284%)  route 11.573ns (95.716%))
  Logic Levels:           1  (FDRE=1)

    Location             Delay type                Incr(ns)  Path(ns)    Netlist Resource(s)
  -------------------------------------------------------------------    -------------------
    SLICE_X20Y242        FDRE                         0.000     0.000 r  u_FIR/fir_10k_lowpass/U0/i_synth/g_single_rate.i_single_rate/g_semi_parallel_and_smac.g_paths[0].g_mem_array[199].i_mem/g_individual.i_mem_a/gen_srl16.gen_mem.d_out_reg[9]/C
    SLICE_X20Y242        FDRE (Prop_fdre_C_Q)         0.518     0.518 r  u_FIR/fir_10k_lowpass/U0/i_synth/g_single_rate.i_single_rate/g_semi_parallel_and_smac.g_paths[0].g_mem_array[199].i_mem/g_individual.i_mem_a/gen_srl16.gen_mem.d_out_reg[9]/Q
                         net (fo=22, routed)         11.573    12.091    u_FIR/fir_10k_lowpass/U0/i_synth/g_single_rate.i_single_rate/g_semi_parallel_and_smac.g_paths[0].g_madd_array_and_accum.g_madd[199].i_madd/i_addsub_mult_add/DOUTA[9]
    DSP48_X7Y99          DSP48E1                                      r  u_FIR/fir_10k_lowpass/U0/i_synth/g_single_rate.i_single_rate/g_semi_parallel_and_smac.g_paths[0].g_madd_array_and_accum.g_madd[199].i_madd/i_addsub_mult_add/g_dsp48.g_dsp48e1.i_dsp48e1/A[13]
  -------------------------------------------------------------------    -------------------

Slack:                    inf
  Source:                 u_FIR/fir_10k_lowpass/U0/i_synth/g_single_rate.i_single_rate/g_semi_parallel_and_smac.g_paths[0].g_mem_array[199].i_mem/g_individual.i_mem_a/gen_srl16.gen_mem.d_out_reg[9]/C
                            (rising edge-triggered cell FDRE)
  Destination:            u_FIR/fir_10k_lowpass/U0/i_synth/g_single_rate.i_single_rate/g_semi_parallel_and_smac.g_paths[0].g_madd_array_and_accum.g_madd[199].i_madd/i_addsub_mult_add/g_dsp48.g_dsp48e1.i_dsp48e1/A[14]
  Path Group:             (none)
  Path Type:              Max at Slow Process Corner
  Data Path Delay:        12.091ns  (logic 0.518ns (4.284%)  route 11.573ns (95.716%))
  Logic Levels:           1  (FDRE=1)

    Location             Delay type                Incr(ns)  Path(ns)    Netlist Resource(s)
  -------------------------------------------------------------------    -------------------
    SLICE_X20Y242        FDRE                         0.000     0.000 r  u_FIR/fir_10k_lowpass/U0/i_synth/g_single_rate.i_single_rate/g_semi_parallel_and_smac.g_paths[0].g_mem_array[199].i_mem/g_individual.i_mem_a/gen_srl16.gen_mem.d_out_reg[9]/C
    SLICE_X20Y242        FDRE (Prop_fdre_C_Q)         0.518     0.518 r  u_FIR/fir_10k_lowpass/U0/i_synth/g_single_rate.i_single_rate/g_semi_parallel_and_smac.g_paths[0].g_mem_array[199].i_mem/g_individual.i_mem_a/gen_srl16.gen_mem.d_out_reg[9]/Q
                         net (fo=22, routed)         11.573    12.091    u_FIR/fir_10k_lowpass/U0/i_synth/g_single_rate.i_single_rate/g_semi_parallel_and_smac.g_paths[0].g_madd_array_and_accum.g_madd[199].i_madd/i_addsub_mult_add/DOUTA[9]
    DSP48_X7Y99          DSP48E1                                      r  u_FIR/fir_10k_lowpass/U0/i_synth/g_single_rate.i_single_rate/g_semi_parallel_and_smac.g_paths[0].g_madd_array_and_accum.g_madd[199].i_madd/i_addsub_mult_add/g_dsp48.g_dsp48e1.i_dsp48e1/A[14]
  -------------------------------------------------------------------    -------------------

Slack:                    inf
  Source:                 u_FIR/fir_10k_lowpass/U0/i_synth/g_single_rate.i_single_rate/g_semi_parallel_and_smac.g_paths[0].g_mem_array[199].i_mem/g_individual.i_mem_a/gen_srl16.gen_mem.d_out_reg[9]/C
                            (rising edge-triggered cell FDRE)
  Destination:            u_FIR/fir_10k_lowpass/U0/i_synth/g_single_rate.i_single_rate/g_semi_parallel_and_smac.g_paths[0].g_madd_array_and_accum.g_madd[199].i_madd/i_addsub_mult_add/g_dsp48.g_dsp48e1.i_dsp48e1/A[15]
  Path Group:             (none)
  Path Type:              Max at Slow Process Corner
  Data Path Delay:        12.091ns  (logic 0.518ns (4.284%)  route 11.573ns (95.716%))
  Logic Levels:           1  (FDRE=1)

    Location             Delay type                Incr(ns)  Path(ns)    Netlist Resource(s)
  -------------------------------------------------------------------    -------------------
    SLICE_X20Y242        FDRE                         0.000     0.000 r  u_FIR/fir_10k_lowpass/U0/i_synth/g_single_rate.i_single_rate/g_semi_parallel_and_smac.g_paths[0].g_mem_array[199].i_mem/g_individual.i_mem_a/gen_srl16.gen_mem.d_out_reg[9]/C
    SLICE_X20Y242        FDRE (Prop_fdre_C_Q)         0.518     0.518 r  u_FIR/fir_10k_lowpass/U0/i_synth/g_single_rate.i_single_rate/g_semi_parallel_and_smac.g_paths[0].g_mem_array[199].i_mem/g_individual.i_mem_a/gen_srl16.gen_mem.d_out_reg[9]/Q
                         net (fo=22, routed)         11.573    12.091    u_FIR/fir_10k_lowpass/U0/i_synth/g_single_rate.i_single_rate/g_semi_parallel_and_smac.g_paths[0].g_madd_array_and_accum.g_madd[199].i_madd/i_addsub_mult_add/DOUTA[9]
    DSP48_X7Y99          DSP48E1                                      r  u_FIR/fir_10k_lowpass/U0/i_synth/g_single_rate.i_single_rate/g_semi_parallel_and_smac.g_paths[0].g_madd_array_and_accum.g_madd[199].i_madd/i_addsub_mult_add/g_dsp48.g_dsp48e1.i_dsp48e1/A[15]
  -------------------------------------------------------------------    -------------------

Slack:                    inf
  Source:                 u_FIR/fir_10k_lowpass/U0/i_synth/g_single_rate.i_single_rate/g_semi_parallel_and_smac.g_paths[0].g_mem_array[199].i_mem/g_individual.i_mem_a/gen_srl16.gen_mem.d_out_reg[9]/C
                            (rising edge-triggered cell FDRE)
  Destination:            u_FIR/fir_10k_lowpass/U0/i_synth/g_single_rate.i_single_rate/g_semi_parallel_and_smac.g_paths[0].g_madd_array_and_accum.g_madd[199].i_madd/i_addsub_mult_add/g_dsp48.g_dsp48e1.i_dsp48e1/A[22]
  Path Group:             (none)
  Path Type:              Max at Slow Process Corner
  Data Path Delay:        11.970ns  (logic 0.518ns (4.327%)  route 11.452ns (95.673%))
  Logic Levels:           1  (FDRE=1)

    Location             Delay type                Incr(ns)  Path(ns)    Netlist Resource(s)
  -------------------------------------------------------------------    -------------------
    SLICE_X20Y242        FDRE                         0.000     0.000 r  u_FIR/fir_10k_lowpass/U0/i_synth/g_single_rate.i_single_rate/g_semi_parallel_and_smac.g_paths[0].g_mem_array[199].i_mem/g_individual.i_mem_a/gen_srl16.gen_mem.d_out_reg[9]/C
    SLICE_X20Y242        FDRE (Prop_fdre_C_Q)         0.518     0.518 r  u_FIR/fir_10k_lowpass/U0/i_synth/g_single_rate.i_single_rate/g_semi_parallel_and_smac.g_paths[0].g_mem_array[199].i_mem/g_individual.i_mem_a/gen_srl16.gen_mem.d_out_reg[9]/Q
                         net (fo=22, routed)         11.452    11.970    u_FIR/fir_10k_lowpass/U0/i_synth/g_single_rate.i_single_rate/g_semi_parallel_and_smac.g_paths[0].g_madd_array_and_accum.g_madd[199].i_madd/i_addsub_mult_add/DOUTA[9]
    DSP48_X7Y99          DSP48E1                                      r  u_FIR/fir_10k_lowpass/U0/i_synth/g_single_rate.i_single_rate/g_semi_parallel_and_smac.g_paths[0].g_madd_array_and_accum.g_madd[199].i_madd/i_addsub_mult_add/g_dsp48.g_dsp48e1.i_dsp48e1/A[22]
  -------------------------------------------------------------------    -------------------





Min Delay Paths
--------------------------------------------------------------------------------------
Slack:                    inf
  Source:                 u_FIR/fir_10k_lowpass/U0/i_synth/g_single_rate.i_single_rate/g_semi_parallel_and_smac.g_cntrl[567].address_reg[567][0]/C
                            (rising edge-triggered cell FDRE)
  Destination:            u_FIR/fir_10k_lowpass/U0/i_synth/g_single_rate.i_single_rate/g_semi_parallel_and_smac.g_cntrl[568].address_reg[568][0]/D
  Path Group:             (none)
  Path Type:              Min at Fast Process Corner
  Data Path Delay:        0.196ns  (logic 0.128ns (65.367%)  route 0.068ns (34.633%))
  Logic Levels:           1  (FDRE=1)

    Location             Delay type                Incr(ns)  Path(ns)    Netlist Resource(s)
  -------------------------------------------------------------------    -------------------
    SLICE_X11Y195        FDRE                         0.000     0.000 r  u_FIR/fir_10k_lowpass/U0/i_synth/g_single_rate.i_single_rate/g_semi_parallel_and_smac.g_cntrl[567].address_reg[567][0]/C
    SLICE_X11Y195        FDRE (Prop_fdre_C_Q)         0.128     0.128 r  u_FIR/fir_10k_lowpass/U0/i_synth/g_single_rate.i_single_rate/g_semi_parallel_and_smac.g_cntrl[567].address_reg[567][0]/Q
                         net (fo=2, routed)           0.068     0.196    u_FIR/fir_10k_lowpass/U0/i_synth/g_single_rate.i_single_rate/g_semi_parallel_and_smac.g_cntrl[568].address_src[0]
    SLICE_X11Y195        FDRE                                         r  u_FIR/fir_10k_lowpass/U0/i_synth/g_single_rate.i_single_rate/g_semi_parallel_and_smac.g_cntrl[568].address_reg[568][0]/D
  -------------------------------------------------------------------    -------------------

Slack:                    inf
  Source:                 u_FIR/fir_10k_lowpass/U0/i_synth/g_single_rate.i_single_rate/g_semi_parallel_and_smac.g_cntrl[497].address_reg[497][0]/C
                            (rising edge-triggered cell FDRE)
  Destination:            u_FIR/fir_10k_lowpass/U0/i_synth/g_single_rate.i_single_rate/g_semi_parallel_and_smac.g_cntrl[498].address_reg[498][0]/D
  Path Group:             (none)
  Path Type:              Min at Fast Process Corner
  Data Path Delay:        0.197ns  (logic 0.141ns (71.611%)  route 0.056ns (28.389%))
  Logic Levels:           1  (FDRE=1)

    Location             Delay type                Incr(ns)  Path(ns)    Netlist Resource(s)
  -------------------------------------------------------------------    -------------------
    SLICE_X21Y143        FDRE                         0.000     0.000 r  u_FIR/fir_10k_lowpass/U0/i_synth/g_single_rate.i_single_rate/g_semi_parallel_and_smac.g_cntrl[497].address_reg[497][0]/C
    SLICE_X21Y143        FDRE (Prop_fdre_C_Q)         0.141     0.141 r  u_FIR/fir_10k_lowpass/U0/i_synth/g_single_rate.i_single_rate/g_semi_parallel_and_smac.g_cntrl[497].address_reg[497][0]/Q
                         net (fo=5, routed)           0.056     0.197    u_FIR/fir_10k_lowpass/U0/i_synth/g_single_rate.i_single_rate/g_semi_parallel_and_smac.g_cntrl[498].address_src[0]
    SLICE_X21Y143        FDRE                                         r  u_FIR/fir_10k_lowpass/U0/i_synth/g_single_rate.i_single_rate/g_semi_parallel_and_smac.g_cntrl[498].address_reg[498][0]/D
  -------------------------------------------------------------------    -------------------

Slack:                    inf
  Source:                 u_FIR/fir_10k_lowpass/U0/i_synth/g_single_rate.i_single_rate/g_semi_parallel_and_smac.g_cntrl[522].address_reg[522][2]/C
                            (rising edge-triggered cell FDRE)
  Destination:            u_FIR/fir_10k_lowpass/U0/i_synth/g_single_rate.i_single_rate/g_semi_parallel_and_smac.g_cntrl[523].address_reg[523][2]/D
  Path Group:             (none)
  Path Type:              Min at Fast Process Corner
  Data Path Delay:        0.197ns  (logic 0.141ns (71.611%)  route 0.056ns (28.389%))
  Logic Levels:           1  (FDRE=1)

    Location             Delay type                Incr(ns)  Path(ns)    Netlist Resource(s)
  -------------------------------------------------------------------    -------------------
    SLICE_X19Y207        FDRE                         0.000     0.000 r  u_FIR/fir_10k_lowpass/U0/i_synth/g_single_rate.i_single_rate/g_semi_parallel_and_smac.g_cntrl[522].address_reg[522][2]/C
    SLICE_X19Y207        FDRE (Prop_fdre_C_Q)         0.141     0.141 r  u_FIR/fir_10k_lowpass/U0/i_synth/g_single_rate.i_single_rate/g_semi_parallel_and_smac.g_cntrl[522].address_reg[522][2]/Q
                         net (fo=4, routed)           0.056     0.197    u_FIR/fir_10k_lowpass/U0/i_synth/g_single_rate.i_single_rate/g_semi_parallel_and_smac.g_cntrl[523].address_src[2]
    SLICE_X19Y207        FDRE                                         r  u_FIR/fir_10k_lowpass/U0/i_synth/g_single_rate.i_single_rate/g_semi_parallel_and_smac.g_cntrl[523].address_reg[523][2]/D
  -------------------------------------------------------------------    -------------------

Slack:                    inf
  Source:                 u_FIR/fir_10k_lowpass/U0/i_synth/g_single_rate.i_single_rate/g_semi_parallel_and_smac.g_cntrl[577].address_reg[577][2]/C
                            (rising edge-triggered cell FDRE)
  Destination:            u_FIR/fir_10k_lowpass/U0/i_synth/g_single_rate.i_single_rate/g_semi_parallel_and_smac.g_cntrl[578].address_reg[578][2]/D
  Path Group:             (none)
  Path Type:              Min at Fast Process Corner
  Data Path Delay:        0.197ns  (logic 0.141ns (71.611%)  route 0.056ns (28.389%))
  Logic Levels:           1  (FDRE=1)

    Location             Delay type                Incr(ns)  Path(ns)    Netlist Resource(s)
  -------------------------------------------------------------------    -------------------
    SLICE_X9Y206         FDRE                         0.000     0.000 r  u_FIR/fir_10k_lowpass/U0/i_synth/g_single_rate.i_single_rate/g_semi_parallel_and_smac.g_cntrl[577].address_reg[577][2]/C
    SLICE_X9Y206         FDRE (Prop_fdre_C_Q)         0.141     0.141 r  u_FIR/fir_10k_lowpass/U0/i_synth/g_single_rate.i_single_rate/g_semi_parallel_and_smac.g_cntrl[577].address_reg[577][2]/Q
                         net (fo=2, routed)           0.056     0.197    u_FIR/fir_10k_lowpass/U0/i_synth/g_single_rate.i_single_rate/g_semi_parallel_and_smac.g_cntrl[578].address_src[2]
    SLICE_X9Y206         FDRE                                         r  u_FIR/fir_10k_lowpass/U0/i_synth/g_single_rate.i_single_rate/g_semi_parallel_and_smac.g_cntrl[578].address_reg[578][2]/D
  -------------------------------------------------------------------    -------------------

Slack:                    inf
  Source:                 u_FIR/fir_10k_lowpass/U0/i_synth/g_single_rate.i_single_rate/g_semi_parallel_and_smac.g_cntrl[7].address_reg[7][2]/C
                            (rising edge-triggered cell FDRE)
  Destination:            u_FIR/fir_10k_lowpass/U0/i_synth/g_single_rate.i_single_rate/g_semi_parallel_and_smac.g_cntrl[8].address_reg[8][2]/D
  Path Group:             (none)
  Path Type:              Min at Fast Process Corner
  Data Path Delay:        0.197ns  (logic 0.141ns (71.611%)  route 0.056ns (28.389%))
  Logic Levels:           1  (FDRE=1)

    Location             Delay type                Incr(ns)  Path(ns)    Netlist Resource(s)
  -------------------------------------------------------------------    -------------------
    SLICE_X43Y9          FDRE                         0.000     0.000 r  u_FIR/fir_10k_lowpass/U0/i_synth/g_single_rate.i_single_rate/g_semi_parallel_and_smac.g_cntrl[7].address_reg[7][2]/C
    SLICE_X43Y9          FDRE (Prop_fdre_C_Q)         0.141     0.141 r  u_FIR/fir_10k_lowpass/U0/i_synth/g_single_rate.i_single_rate/g_semi_parallel_and_smac.g_cntrl[7].address_reg[7][2]/Q
                         net (fo=2, routed)           0.056     0.197    u_FIR/fir_10k_lowpass/U0/i_synth/g_single_rate.i_single_rate/g_semi_parallel_and_smac.g_cntrl[8].address_src[2]
    SLICE_X43Y9          FDRE                                         r  u_FIR/fir_10k_lowpass/U0/i_synth/g_single_rate.i_single_rate/g_semi_parallel_and_smac.g_cntrl[8].address_reg[8][2]/D
  -------------------------------------------------------------------    -------------------

Slack:                    inf
  Source:                 u_FIR/fir_10k_lowpass/U0/i_synth/g_single_rate.i_single_rate/g_semi_parallel_and_smac.g_cntrl[424].cntrl_reg[424][3]/C
                            (rising edge-triggered cell FDRE)
  Destination:            u_FIR/fir_10k_lowpass/U0/i_synth/g_single_rate.i_single_rate/g_semi_parallel_and_smac.g_cntrl[425].cntrl_reg[425][3]/D
  Path Group:             (none)
  Path Type:              Min at Fast Process Corner
  Data Path Delay:        0.197ns  (logic 0.128ns (64.896%)  route 0.069ns (35.104%))
  Logic Levels:           1  (FDRE=1)

    Location             Delay type                Incr(ns)  Path(ns)    Netlist Resource(s)
  -------------------------------------------------------------------    -------------------
    SLICE_X21Y92         FDRE                         0.000     0.000 r  u_FIR/fir_10k_lowpass/U0/i_synth/g_single_rate.i_single_rate/g_semi_parallel_and_smac.g_cntrl[424].cntrl_reg[424][3]/C
    SLICE_X21Y92         FDRE (Prop_fdre_C_Q)         0.128     0.128 r  u_FIR/fir_10k_lowpass/U0/i_synth/g_single_rate.i_single_rate/g_semi_parallel_and_smac.g_cntrl[424].cntrl_reg[424][3]/Q
                         net (fo=11, routed)          0.069     0.197    u_FIR/fir_10k_lowpass/U0/i_synth/g_single_rate.i_single_rate/g_semi_parallel_and_smac.g_cntrl[425].cntrl_src[3]
    SLICE_X21Y92         FDRE                                         r  u_FIR/fir_10k_lowpass/U0/i_synth/g_single_rate.i_single_rate/g_semi_parallel_and_smac.g_cntrl[425].cntrl_reg[425][3]/D
  -------------------------------------------------------------------    -------------------

Slack:                    inf
  Source:                 u_FIR/fir_10k_lowpass/U0/i_synth/g_single_rate.i_single_rate/g_semi_parallel_and_smac.g_cntrl[497].address_reg[497][1]/C
                            (rising edge-triggered cell FDRE)
  Destination:            u_FIR/fir_10k_lowpass/U0/i_synth/g_single_rate.i_single_rate/g_semi_parallel_and_smac.g_cntrl[498].address_reg[498][1]/D
  Path Group:             (none)
  Path Type:              Min at Fast Process Corner
  Data Path Delay:        0.208ns  (logic 0.141ns (67.855%)  route 0.067ns (32.145%))
  Logic Levels:           1  (FDRE=1)

    Location             Delay type                Incr(ns)  Path(ns)    Netlist Resource(s)
  -------------------------------------------------------------------    -------------------
    SLICE_X21Y143        FDRE                         0.000     0.000 r  u_FIR/fir_10k_lowpass/U0/i_synth/g_single_rate.i_single_rate/g_semi_parallel_and_smac.g_cntrl[497].address_reg[497][1]/C
    SLICE_X21Y143        FDRE (Prop_fdre_C_Q)         0.141     0.141 r  u_FIR/fir_10k_lowpass/U0/i_synth/g_single_rate.i_single_rate/g_semi_parallel_and_smac.g_cntrl[497].address_reg[497][1]/Q
                         net (fo=5, routed)           0.067     0.208    u_FIR/fir_10k_lowpass/U0/i_synth/g_single_rate.i_single_rate/g_semi_parallel_and_smac.g_cntrl[498].address_src[1]
    SLICE_X21Y143        FDRE                                         r  u_FIR/fir_10k_lowpass/U0/i_synth/g_single_rate.i_single_rate/g_semi_parallel_and_smac.g_cntrl[498].address_reg[498][1]/D
  -------------------------------------------------------------------    -------------------

Slack:                    inf
  Source:                 u_FIR/fir_10k_lowpass/U0/i_synth/g_single_rate.i_single_rate/g_semi_parallel_and_smac.g_cntrl[577].address_reg[577][1]/C
                            (rising edge-triggered cell FDRE)
  Destination:            u_FIR/fir_10k_lowpass/U0/i_synth/g_single_rate.i_single_rate/g_semi_parallel_and_smac.g_cntrl[578].address_reg[578][1]/D
  Path Group:             (none)
  Path Type:              Min at Fast Process Corner
  Data Path Delay:        0.208ns  (logic 0.141ns (67.788%)  route 0.067ns (32.212%))
  Logic Levels:           1  (FDRE=1)

    Location             Delay type                Incr(ns)  Path(ns)    Netlist Resource(s)
  -------------------------------------------------------------------    -------------------
    SLICE_X9Y206         FDRE                         0.000     0.000 r  u_FIR/fir_10k_lowpass/U0/i_synth/g_single_rate.i_single_rate/g_semi_parallel_and_smac.g_cntrl[577].address_reg[577][1]/C
    SLICE_X9Y206         FDRE (Prop_fdre_C_Q)         0.141     0.141 r  u_FIR/fir_10k_lowpass/U0/i_synth/g_single_rate.i_single_rate/g_semi_parallel_and_smac.g_cntrl[577].address_reg[577][1]/Q
                         net (fo=2, routed)           0.067     0.208    u_FIR/fir_10k_lowpass/U0/i_synth/g_single_rate.i_single_rate/g_semi_parallel_and_smac.g_cntrl[578].address_src[1]
    SLICE_X9Y206         FDRE                                         r  u_FIR/fir_10k_lowpass/U0/i_synth/g_single_rate.i_single_rate/g_semi_parallel_and_smac.g_cntrl[578].address_reg[578][1]/D
  -------------------------------------------------------------------    -------------------

Slack:                    inf
  Source:                 u_FIR/fir_10k_lowpass/U0/i_synth/g_single_rate.i_single_rate/g_semi_parallel_and_smac.g_cntrl[7].address_reg[7][1]/C
                            (rising edge-triggered cell FDRE)
  Destination:            u_FIR/fir_10k_lowpass/U0/i_synth/g_single_rate.i_single_rate/g_semi_parallel_and_smac.g_cntrl[8].address_reg[8][1]/D
  Path Group:             (none)
  Path Type:              Min at Fast Process Corner
  Data Path Delay:        0.208ns  (logic 0.141ns (67.788%)  route 0.067ns (32.212%))
  Logic Levels:           1  (FDRE=1)

    Location             Delay type                Incr(ns)  Path(ns)    Netlist Resource(s)
  -------------------------------------------------------------------    -------------------
    SLICE_X43Y9          FDRE                         0.000     0.000 r  u_FIR/fir_10k_lowpass/U0/i_synth/g_single_rate.i_single_rate/g_semi_parallel_and_smac.g_cntrl[7].address_reg[7][1]/C
    SLICE_X43Y9          FDRE (Prop_fdre_C_Q)         0.141     0.141 r  u_FIR/fir_10k_lowpass/U0/i_synth/g_single_rate.i_single_rate/g_semi_parallel_and_smac.g_cntrl[7].address_reg[7][1]/Q
                         net (fo=2, routed)           0.067     0.208    u_FIR/fir_10k_lowpass/U0/i_synth/g_single_rate.i_single_rate/g_semi_parallel_and_smac.g_cntrl[8].address_src[1]
    SLICE_X43Y9          FDRE                                         r  u_FIR/fir_10k_lowpass/U0/i_synth/g_single_rate.i_single_rate/g_semi_parallel_and_smac.g_cntrl[8].address_reg[8][1]/D
  -------------------------------------------------------------------    -------------------

Slack:                    inf
  Source:                 u_FIR/fir_10k_lowpass/U0/i_synth/g_single_rate.i_single_rate/g_semi_parallel_and_smac.g_cntrl[205].address_reg[205][1]/C
                            (rising edge-triggered cell FDRE)
  Destination:            u_FIR/fir_10k_lowpass/U0/i_synth/g_single_rate.i_single_rate/g_semi_parallel_and_smac.g_cntrl[206].address_reg[206][1]/D
  Path Group:             (none)
  Path Type:              Min at Fast Process Corner
  Data Path Delay:        0.209ns  (logic 0.141ns (67.454%)  route 0.068ns (32.546%))
  Logic Levels:           1  (FDRE=1)

    Location             Delay type                Incr(ns)  Path(ns)    Netlist Resource(s)
  -------------------------------------------------------------------    -------------------
    SLICE_X23Y12         FDRE                         0.000     0.000 r  u_FIR/fir_10k_lowpass/U0/i_synth/g_single_rate.i_single_rate/g_semi_parallel_and_smac.g_cntrl[205].address_reg[205][1]/C
    SLICE_X23Y12         FDRE (Prop_fdre_C_Q)         0.141     0.141 r  u_FIR/fir_10k_lowpass/U0/i_synth/g_single_rate.i_single_rate/g_semi_parallel_and_smac.g_cntrl[205].address_reg[205][1]/Q
                         net (fo=4, routed)           0.068     0.209    u_FIR/fir_10k_lowpass/U0/i_synth/g_single_rate.i_single_rate/g_semi_parallel_and_smac.g_cntrl[206].address_src[1]
    SLICE_X23Y12         FDRE                                         r  u_FIR/fir_10k_lowpass/U0/i_synth/g_single_rate.i_single_rate/g_semi_parallel_and_smac.g_cntrl[206].address_reg[206][1]/D
  -------------------------------------------------------------------    -------------------





