
*** Running vivado
    with args -log FIR_pass.vds -m64 -product Vivado -mode batch -messageDb vivado.pb -notrace -source FIR_pass.tcl


ECHO 处于关闭状态。
ECHO 处于关闭状态。

****** Vivado v2023.1 (64-bit)
  **** SW Build 3865809 on Sun May  7 15:05:29 MDT 2023
  **** IP Build 3864474 on Sun May  7 20:36:21 MDT 2023
  **** SharedData Build 3865790 on Sun May 07 13:33:03 MDT 2023
    ** Copyright 1986-2022 Xilinx, Inc. All Rights Reserved.
    ** Copyright 2022-2023 Advanced Micro Devices, Inc. All Rights Reserved.

Sourcing tcl script 'D:/Xilinx/Vivado/2023.1/scripts/Vivado_init.tcl'
source FIR_pass.tcl -notrace
Command: read_checkpoint -auto_incremental -incremental D:/Xilinx/Project/200t/Fir_pass/Fir_pass.srcs/utils_1/imports/synth_1/FIR_pass.dcp
INFO: [Vivado 12-5825] Read reference checkpoint from D:/Xilinx/Project/200t/Fir_pass/Fir_pass.srcs/utils_1/imports/synth_1/FIR_pass.dcp for incremental synthesis
INFO: [Vivado 12-7989] Please ensure there are no constraint changes
Command: synth_design -top FIR_pass -part xc7a200tfbg484-1
Starting synth_design
Attempting to get a license for feature 'Synthesis' and/or device 'xc7a200t'
INFO: [Common 17-349] Got license for feature 'Synthesis' and/or device 'xc7a200t'
INFO: [Device 21-403] Loading part xc7a200tfbg484-1
INFO: [Designutils 20-5440] No compile time benefit to using incremental synthesis; A full resynthesis will be run
INFO: [Designutils 20-4379] Flow is switching to default flow due to incremental criteria not met. If you would like to alter this behaviour and have the flow terminate instead, please set the following parameter config_implementation {autoIncr.Synth.RejectBehavior Terminate}
INFO: [Synth 8-7079] Multithreading enabled for synth_design using a maximum of 4 processes.
INFO: [Synth 8-7078] Launching helper process for spawning children vivado processes
INFO: [Synth 8-7075] Helper process launched with PID 7724
INFO: [Synth 8-11241] undeclared symbol 's_axis_data_tready', assumed default net type 'wire' [D:/Xilinx/Project/200t/Fir_pass/Fir_pass.srcs/sources_1/new/FIR.v:61]
INFO: [Synth 8-11241] undeclared symbol 'm_axis_data_tvalid', assumed default net type 'wire' [D:/Xilinx/Project/200t/Fir_pass/Fir_pass.srcs/sources_1/new/FIR.v:63]
---------------------------------------------------------------------------------
Starting RTL Elaboration : Time (s): cpu = 00:00:01 ; elapsed = 00:00:03 . Memory (MB): peak = 1338.656 ; gain = 411.574
---------------------------------------------------------------------------------
INFO: [Synth 8-6157] synthesizing module 'FIR_pass' [D:/Xilinx/Project/200t/Fir_pass/Fir_pass.srcs/sources_1/new/FIR_pass.v:23]
INFO: [Synth 8-6157] synthesizing module 'PLL_ADC_DAC' [D:/Xilinx/Project/200t/Fir_pass/Fir_pass.runs/synth_1/.Xil/Vivado-16828-Blessing/realtime/PLL_ADC_DAC_stub.v:6]
INFO: [Synth 8-6155] done synthesizing module 'PLL_ADC_DAC' (0#1) [D:/Xilinx/Project/200t/Fir_pass/Fir_pass.runs/synth_1/.Xil/Vivado-16828-Blessing/realtime/PLL_ADC_DAC_stub.v:6]
INFO: [Synth 8-6157] synthesizing module 'FIR' [D:/Xilinx/Project/200t/Fir_pass/Fir_pass.srcs/sources_1/new/FIR.v:23]
INFO: [Synth 8-6157] synthesizing module 'fir_compiler' [D:/Xilinx/Project/200t/Fir_pass/Fir_pass.runs/synth_1/.Xil/Vivado-16828-Blessing/realtime/fir_compiler_stub.v:6]
INFO: [Synth 8-6155] done synthesizing module 'fir_compiler' (0#1) [D:/Xilinx/Project/200t/Fir_pass/Fir_pass.runs/synth_1/.Xil/Vivado-16828-Blessing/realtime/fir_compiler_stub.v:6]
INFO: [Synth 8-6155] done synthesizing module 'FIR' (0#1) [D:/Xilinx/Project/200t/Fir_pass/Fir_pass.srcs/sources_1/new/FIR.v:23]
INFO: [Synth 8-6155] done synthesizing module 'FIR_pass' (0#1) [D:/Xilinx/Project/200t/Fir_pass/Fir_pass.srcs/sources_1/new/FIR_pass.v:23]
---------------------------------------------------------------------------------
Finished RTL Elaboration : Time (s): cpu = 00:00:01 ; elapsed = 00:00:04 . Memory (MB): peak = 1430.242 ; gain = 503.160
---------------------------------------------------------------------------------
---------------------------------------------------------------------------------
Start Handling Custom Attributes
---------------------------------------------------------------------------------
---------------------------------------------------------------------------------
Finished Handling Custom Attributes : Time (s): cpu = 00:00:01 ; elapsed = 00:00:05 . Memory (MB): peak = 1430.242 ; gain = 503.160
---------------------------------------------------------------------------------
---------------------------------------------------------------------------------
Finished RTL Optimization Phase 1 : Time (s): cpu = 00:00:01 ; elapsed = 00:00:05 . Memory (MB): peak = 1430.242 ; gain = 503.160
---------------------------------------------------------------------------------
Netlist sorting complete. Time (s): cpu = 00:00:00 ; elapsed = 00:00:00.001 . Memory (MB): peak = 1430.242 ; gain = 0.000
INFO: [Project 1-570] Preparing netlist for logic optimization

Processing XDC Constraints
Initializing timing engine
Parsing XDC File [d:/Xilinx/Project/200t/Fir_pass/Fir_pass.gen/sources_1/ip/PLL_ADC_DAC/PLL_ADC_DAC/PLL_ADC_DAC_in_context.xdc] for cell 'u_PLL_ADC_DAC'
Finished Parsing XDC File [d:/Xilinx/Project/200t/Fir_pass/Fir_pass.gen/sources_1/ip/PLL_ADC_DAC/PLL_ADC_DAC/PLL_ADC_DAC_in_context.xdc] for cell 'u_PLL_ADC_DAC'
Parsing XDC File [d:/Xilinx/Project/200t/Fir_pass/Fir_pass.gen/sources_1/ip/fir_compiler/fir_compiler/fir_compiler_in_context.xdc] for cell 'u_FIR/fir_10k_lowpass'
Finished Parsing XDC File [d:/Xilinx/Project/200t/Fir_pass/Fir_pass.gen/sources_1/ip/fir_compiler/fir_compiler/fir_compiler_in_context.xdc] for cell 'u_FIR/fir_10k_lowpass'
Parsing XDC File [D:/Xilinx/Project/200t/Fir_pass/FIR_pass.xdc]
Finished Parsing XDC File [D:/Xilinx/Project/200t/Fir_pass/FIR_pass.xdc]
INFO: [Project 1-236] Implementation specific constraints were found while reading constraint file [D:/Xilinx/Project/200t/Fir_pass/FIR_pass.xdc]. These constraints will be ignored for synthesis but will be used in implementation. Impacted constraints are listed in the file [.Xil/FIR_pass_propImpl.xdc].
Resolution: To avoid this warning, move constraints listed in [.Xil/FIR_pass_propImpl.xdc] to another XDC file and exclude this new file from synthesis with the used_in_synthesis property (File Properties dialog in GUI) and re-run elaboration/synthesis.
Completed Processing XDC Constraints

Netlist sorting complete. Time (s): cpu = 00:00:00 ; elapsed = 00:00:00 . Memory (MB): peak = 1517.148 ; gain = 0.000
INFO: [Project 1-111] Unisim Transformation Summary:
No Unisim elements were transformed.

Constraint Validation Runtime : Time (s): cpu = 00:00:00 ; elapsed = 00:00:00.002 . Memory (MB): peak = 1517.148 ; gain = 0.000
INFO: [Designutils 20-5440] No compile time benefit to using incremental synthesis; A full resynthesis will be run
INFO: [Designutils 20-4379] Flow is switching to default flow due to incremental criteria not met. If you would like to alter this behaviour and have the flow terminate instead, please set the following parameter config_implementation {autoIncr.Synth.RejectBehavior Terminate}
---------------------------------------------------------------------------------
Finished Constraint Validation : Time (s): cpu = 00:00:02 ; elapsed = 00:00:10 . Memory (MB): peak = 1517.148 ; gain = 590.066
---------------------------------------------------------------------------------
---------------------------------------------------------------------------------
Start Loading Part and Timing Information
---------------------------------------------------------------------------------
Loading part: xc7a200tfbg484-1
---------------------------------------------------------------------------------
Finished Loading Part and Timing Information : Time (s): cpu = 00:00:02 ; elapsed = 00:00:10 . Memory (MB): peak = 1517.148 ; gain = 590.066
---------------------------------------------------------------------------------
---------------------------------------------------------------------------------
Start Applying 'set_property' XDC Constraints
---------------------------------------------------------------------------------
Applied set_property KEEP_HIERARCHY = SOFT for u_PLL_ADC_DAC. (constraint file  auto generated constraint).
Applied set_property KEEP_HIERARCHY = SOFT for u_FIR/fir_10k_lowpass. (constraint file  auto generated constraint).
---------------------------------------------------------------------------------
Finished applying 'set_property' XDC Constraints : Time (s): cpu = 00:00:02 ; elapsed = 00:00:10 . Memory (MB): peak = 1517.148 ; gain = 590.066
---------------------------------------------------------------------------------
---------------------------------------------------------------------------------
Finished RTL Optimization Phase 2 : Time (s): cpu = 00:00:02 ; elapsed = 00:00:10 . Memory (MB): peak = 1517.148 ; gain = 590.066
---------------------------------------------------------------------------------
---------------------------------------------------------------------------------
Start RTL Component Statistics 
---------------------------------------------------------------------------------
Detailed RTL Component Info : 
+---Adders : 
	   2 Input   32 Bit       Adders := 1     
	   2 Input   14 Bit       Adders := 1     
+---Registers : 
	               32 Bit    Registers := 1     
	               14 Bit    Registers := 1     
	                1 Bit    Registers := 1     
+---Muxes : 
	   2 Input   32 Bit        Muxes := 1     
	   2 Input    1 Bit        Muxes := 1     
---------------------------------------------------------------------------------
Finished RTL Component Statistics 
---------------------------------------------------------------------------------
---------------------------------------------------------------------------------
Start Part Resource Summary
---------------------------------------------------------------------------------
Part Resources:
DSPs: 740 (col length:100)
BRAMs: 730 (col length: RAMB18 100 RAMB36 50)
---------------------------------------------------------------------------------
Finished Part Resource Summary
---------------------------------------------------------------------------------
---------------------------------------------------------------------------------
Start Cross Boundary and Area Optimization
---------------------------------------------------------------------------------
WARNING: [Synth 8-7080] Parallel synthesis criteria is not met
---------------------------------------------------------------------------------
Finished Cross Boundary and Area Optimization : Time (s): cpu = 00:00:03 ; elapsed = 00:00:11 . Memory (MB): peak = 1517.148 ; gain = 590.066
---------------------------------------------------------------------------------
---------------------------------------------------------------------------------
Start Applying XDC Timing Constraints
---------------------------------------------------------------------------------
---------------------------------------------------------------------------------
Finished Applying XDC Timing Constraints : Time (s): cpu = 00:00:03 ; elapsed = 00:00:15 . Memory (MB): peak = 1517.148 ; gain = 590.066
---------------------------------------------------------------------------------
---------------------------------------------------------------------------------
Start Timing Optimization
---------------------------------------------------------------------------------
---------------------------------------------------------------------------------
Finished Timing Optimization : Time (s): cpu = 00:00:03 ; elapsed = 00:00:15 . Memory (MB): peak = 1517.148 ; gain = 590.066
---------------------------------------------------------------------------------
---------------------------------------------------------------------------------
Start Technology Mapping
---------------------------------------------------------------------------------
---------------------------------------------------------------------------------
Finished Technology Mapping : Time (s): cpu = 00:00:03 ; elapsed = 00:00:15 . Memory (MB): peak = 1517.148 ; gain = 590.066
---------------------------------------------------------------------------------
---------------------------------------------------------------------------------
Start IO Insertion
---------------------------------------------------------------------------------
---------------------------------------------------------------------------------
Start Flattening Before IO Insertion
---------------------------------------------------------------------------------
---------------------------------------------------------------------------------
Finished Flattening Before IO Insertion
---------------------------------------------------------------------------------
---------------------------------------------------------------------------------
Start Final Netlist Cleanup
---------------------------------------------------------------------------------
---------------------------------------------------------------------------------
Finished Final Netlist Cleanup
---------------------------------------------------------------------------------
---------------------------------------------------------------------------------
Finished IO Insertion : Time (s): cpu = 00:00:04 ; elapsed = 00:00:17 . Memory (MB): peak = 1517.148 ; gain = 590.066
---------------------------------------------------------------------------------
---------------------------------------------------------------------------------
Start Renaming Generated Instances
---------------------------------------------------------------------------------
---------------------------------------------------------------------------------
Finished Renaming Generated Instances : Time (s): cpu = 00:00:04 ; elapsed = 00:00:17 . Memory (MB): peak = 1517.148 ; gain = 590.066
---------------------------------------------------------------------------------
---------------------------------------------------------------------------------
Start Rebuilding User Hierarchy
---------------------------------------------------------------------------------
---------------------------------------------------------------------------------
Finished Rebuilding User Hierarchy : Time (s): cpu = 00:00:04 ; elapsed = 00:00:17 . Memory (MB): peak = 1517.148 ; gain = 590.066
---------------------------------------------------------------------------------
---------------------------------------------------------------------------------
Start Renaming Generated Ports
---------------------------------------------------------------------------------
---------------------------------------------------------------------------------
Finished Renaming Generated Ports : Time (s): cpu = 00:00:04 ; elapsed = 00:00:17 . Memory (MB): peak = 1517.148 ; gain = 590.066
---------------------------------------------------------------------------------
---------------------------------------------------------------------------------
Start Handling Custom Attributes
---------------------------------------------------------------------------------
---------------------------------------------------------------------------------
Finished Handling Custom Attributes : Time (s): cpu = 00:00:04 ; elapsed = 00:00:17 . Memory (MB): peak = 1517.148 ; gain = 590.066
---------------------------------------------------------------------------------
---------------------------------------------------------------------------------
Start Renaming Generated Nets
---------------------------------------------------------------------------------
---------------------------------------------------------------------------------
Finished Renaming Generated Nets : Time (s): cpu = 00:00:04 ; elapsed = 00:00:17 . Memory (MB): peak = 1517.148 ; gain = 590.066
---------------------------------------------------------------------------------
---------------------------------------------------------------------------------
Start Writing Synthesis Report
---------------------------------------------------------------------------------

Report BlackBoxes: 
+------+--------------+----------+
|      |BlackBox name |Instances |
+------+--------------+----------+
|1     |PLL_ADC_DAC   |         1|
|2     |fir_compiler  |         1|
+------+--------------+----------+

Report Cell Usage: 
+------+-------------+------+
|      |Cell         |Count |
+------+-------------+------+
|1     |PLL_ADC_DAC  |     1|
|2     |fir_compiler |     1|
|3     |BUFG         |     1|
|4     |CARRY4       |     8|
|5     |LUT1         |     2|
|6     |LUT4         |     7|
|7     |LUT5         |    33|
|8     |LUT6         |     1|
|9     |FDCE         |    47|
|10    |IBUF         |    12|
|11    |OBUF         |    16|
+------+-------------+------+
---------------------------------------------------------------------------------
Finished Writing Synthesis Report : Time (s): cpu = 00:00:04 ; elapsed = 00:00:17 . Memory (MB): peak = 1517.148 ; gain = 590.066
---------------------------------------------------------------------------------
Synthesis finished with 0 errors, 0 critical warnings and 1 warnings.
Synthesis Optimization Runtime : Time (s): cpu = 00:00:03 ; elapsed = 00:00:16 . Memory (MB): peak = 1517.148 ; gain = 503.160
Synthesis Optimization Complete : Time (s): cpu = 00:00:04 ; elapsed = 00:00:17 . Memory (MB): peak = 1517.148 ; gain = 590.066
INFO: [Project 1-571] Translating synthesized netlist
Netlist sorting complete. Time (s): cpu = 00:00:00 ; elapsed = 00:00:00.001 . Memory (MB): peak = 1517.148 ; gain = 0.000
INFO: [Netlist 29-17] Analyzing 8 Unisim elements for replacement
INFO: [Netlist 29-28] Unisim Transformation completed in 0 CPU seconds
INFO: [Project 1-570] Preparing netlist for logic optimization
INFO: [Opt 31-138] Pushed 0 inverter(s) to 0 load pin(s).
Netlist sorting complete. Time (s): cpu = 00:00:00 ; elapsed = 00:00:00 . Memory (MB): peak = 1517.148 ; gain = 0.000
INFO: [Project 1-111] Unisim Transformation Summary:
No Unisim elements were transformed.

Synth Design complete | Checksum: bdd420c7
INFO: [Common 17-83] Releasing license: Synthesis
31 Infos, 1 Warnings, 0 Critical Warnings and 0 Errors encountered.
synth_design completed successfully
synth_design: Time (s): cpu = 00:00:06 ; elapsed = 00:00:21 . Memory (MB): peak = 1517.148 ; gain = 1027.027
INFO: [Common 17-600] The following parameters have non-default value.
general.maxThreads
INFO: [Common 17-1381] The checkpoint 'D:/Xilinx/Project/200t/Fir_pass/Fir_pass.runs/synth_1/FIR_pass.dcp' has been generated.
INFO: [runtcl-4] Executing : report_utilization -file FIR_pass_utilization_synth.rpt -pb FIR_pass_utilization_synth.pb
INFO: [Common 17-206] Exiting Vivado at Sat Jul 27 11:18:13 2024...
